// Vitest Snapshot v1, https://vitest.dev/guide/snapshot.html

exports[`UI components (snapshot) > Alert: error, success e info 1`] = `
<div>
  <div>
    <div
      class="rounded-md border px-4 py-3 text-sm backdrop-blur-sm border-error/30 bg-error/10 text-error"
      role="alert"
    >
      Algo salió mal
    </div>
    <div
      class="rounded-md border px-4 py-3 text-sm backdrop-blur-sm border-success/30 bg-success/10 text-success"
      role="alert"
    >
      Todo bien
    </div>
    <div
      class="rounded-md border px-4 py-3 text-sm backdrop-blur-sm border-accent-400/30 bg-accent-400/10 text-accent-400"
      role="alert"
    >
      Información
    </div>
  </div>
</div>
`;

exports[`UI components (snapshot) > Button: variantes y carga 1`] = `
<div>
  <div>
    <button
      class="inline-flex items-center justify-center gap-2 rounded-md font-medium transition-all duration-150 ease-out focus:outline-none focus-visible:ring-2 focus-visible:ring-accent-400/60 focus-visible:ring-offset-2 focus-visible:ring-offset-[var(--bg)] disabled:opacity-40 disabled:cursor-not-allowed disabled:hover:shadow-none px-4 py-2 text-sm bg-accent-500 text-white hover:bg-accent-400 hover:shadow-glow active:bg-accent-600"
    >
      Primario
    </button>
    <button
      class="inline-flex items-center justify-center gap-2 rounded-md font-medium transition-all duration-150 ease-out focus:outline-none focus-visible:ring-2 focus-visible:ring-accent-400/60 focus-visible:ring-offset-2 focus-visible:ring-offset-[var(--bg)] disabled:opacity-40 disabled:cursor-not-allowed disabled:hover:shadow-none px-4 py-2 text-sm bg-gray-200 text-gray-900 hover:bg-gray-300 active:bg-gray-400/60"
    >
      Secundario
    </button>
    <button
      class="inline-flex items-center justify-center gap-2 rounded-md font-medium transition-all duration-150 ease-out focus:outline-none focus-visible:ring-2 focus-visible:ring-accent-400/60 focus-visible:ring-offset-2 focus-visible:ring-offset-[var(--bg)] disabled:opacity-40 disabled:cursor-not-allowed disabled:hover:shadow-none px-4 py-2 text-sm bg-transparent text-gray-700 hover:bg-gray-300/60 hover:text-gray-900 active:bg-gray-300"
    >
      Ghost
    </button>
    <button
      class="inline-flex items-center justify-center gap-2 rounded-md font-medium transition-all duration-150 ease-out focus:outline-none focus-visible:ring-2 focus-visible:ring-accent-400/60 focus-visible:ring-offset-2 focus-visible:ring-offset-[var(--bg)] disabled:opacity-40 disabled:cursor-not-allowed disabled:hover:shadow-none px-4 py-2 text-sm bg-error/90 text-white hover:bg-error/80 hover:shadow-[0_0_16px_rgba(248,113,113,0.25)] active:bg-error"
    >
      Peligro
    </button>
    <button
      class="inline-flex items-center justify-center gap-2 rounded-md font-medium transition-all duration-150 ease-out focus:outline-none focus-visible:ring-2 focus-visible:ring-accent-400/60 focus-visible:ring-offset-2 focus-visible:ring-offset-[var(--bg)] disabled:opacity-40 disabled:cursor-not-allowed disabled:hover:shadow-none px-4 py-2 text-sm bg-accent-500 text-white hover:bg-accent-400 hover:shadow-glow active:bg-accent-600"
      disabled=""
    >
      <svg
        class="h-4 w-4 animate-spin"
        fill="none"
        viewBox="0 0 24 24"
      >
        <circle
          cx="12"
          cy="12"
          r="10"
          stroke="currentColor"
          stroke-opacity="0.25"
          stroke-width="4"
        />
        <path
          d="M4 12a8 8 0 018-8"
          stroke="currentColor"
          stroke-linecap="round"
          stroke-width="4"
        />
      </svg>
      Cargando
    </button>
    <button
      class="inline-flex items-center justify-center gap-2 rounded-md font-medium transition-all duration-150 ease-out focus:outline-none focus-visible:ring-2 focus-visible:ring-accent-400/60 focus-visible:ring-offset-2 focus-visible:ring-offset-[var(--bg)] disabled:opacity-40 disabled:cursor-not-allowed disabled:hover:shadow-none px-2.5 py-1 text-xs bg-accent-500 text-white hover:bg-accent-400 hover:shadow-glow active:bg-accent-600"
    >
      Chico
    </button>
  </div>
</div>
`;

exports[`UI components (snapshot) > Input: normal, con error y disabled 1`] = `
<div>
  <div>
    <input
      class="block w-full rounded-md border bg-gray-100 px-3 py-2 text-sm text-gray-900 placeholder:text-gray-600 transition-all duration-150 ease-out focus:outline-none focus:ring-2 focus:ring-accent-400/50 disabled:opacity-40 disabled:cursor-not-allowed border-gray-300 hover:border-gray-400 focus:border-accent-500"
      placeholder="Normal"
    />
    <input
      class="block w-full rounded-md border bg-gray-100 px-3 py-2 text-sm text-gray-900 placeholder:text-gray-600 transition-all duration-150 ease-out focus:outline-none focus:ring-2 disabled:opacity-40 disabled:cursor-not-allowed border-error/70 focus:border-error focus:ring-error/40"
      placeholder="Con error"
    />
    <input
      class="block w-full rounded-md border bg-gray-100 px-3 py-2 text-sm text-gray-900 placeholder:text-gray-600 transition-all duration-150 ease-out focus:outline-none focus:ring-2 focus:ring-accent-400/50 disabled:opacity-40 disabled:cursor-not-allowed border-gray-300 hover:border-gray-400 focus:border-accent-500"
      disabled=""
      placeholder="Deshabilitado"
    />
  </div>
</div>
`;

exports[`UI components (snapshot) > Skeleton: base y con tamaño 1`] = `
<div>
  <div>
    <div
      aria-hidden="true"
      class="animate-pulse rounded-md border border-gray-300/60 bg-gray-200/60"
    />
    <div
      aria-hidden="true"
      class="animate-pulse rounded-md border border-gray-300/60 bg-gray-200/60 h-40 w-64"
    />
  </div>
</div>
`;
